[Window] _set_webview_transparent 触发, native=<webview.platforms.qt.BrowserView object at 0x0000026050F8BBF0>
[Window] native_type_name=BrowserView
[Window] 非 Form 窗口，初始化 Qt 辅助器
[Bridge] init_qt_helper 被调用, self._qt_helper 存在=False
[Bridge] 成功向 Qt 主窗口注入 customEvent 处理器！
[Bridge] show_context_menu 触发, _window 存在=True
[Bridge] native 窗口类型: BrowserView
[Bridge] 匹配到 Qt 后端，_qt_helper 存在=True
[Bridge] 通过 QCoreApplication.postEvent 将回调发送到主线程
[Bridge] _show_qt_menu 开始在当前线程执行...
[Bridge] QMenu 实例化成功
[Bridge] 获取 click_through: False
[Bridge] 穿透 QAction 创建成功
[Bridge] 穿透 action 添加成功
[Bridge] 风格子菜单创建成功
[Bridge] 风格子菜单项添加成功
[Bridge] 布局子菜单创建成功
[Bridge] 布局子菜单项添加成功
[Bridge] 设置项添加成功
[Bridge] 隐藏窗口项添加成功
[Bridge] 退出项添加成功
[Bridge] 获取游标位置: PyQt5.QtCore.QPoint(1294, 697)
[Bridge] 准备执行 menu.exec_
[Bridge] menu.exec_ 执行完毕
[Window] _set_webview_transparent 触发, native=<webview.platforms.qt.BrowserView object at 0x0000024B05FAFAD0>
[Window] native_type_name=BrowserView
[Window] 非 Form 窗口，初始化 Qt 辅助器
[Bridge] init_qt_helper 被调用, self._qt_helper 存在=False
[Bridge] 成功向 Qt 主窗口注入 customEvent 处理器！
[Bridge] show_context_menu 触发, _window 存在=True
[Bridge] native 窗口类型: BrowserView
[Bridge] 匹配到 Qt 后端，_qt_helper 存在=True
[Bridge] 通过 QCoreApplication.postEvent 将回调发送到主线程
[Bridge] _show_qt_menu 开始在当前线程执行...
[Bridge] QMenu 实例化成功
[Bridge] 获取 click_through: False
[Bridge] 穿透 QAction 创建成功
[Bridge] 穿透 action 添加成功
[Bridge] 风格子菜单创建成功
[Bridge] 风格子菜单项添加成功
[Bridge] 布局子菜单创建成功
[Bridge] 布局子菜单项添加成功
[Bridge] 设置项添加成功
[Bridge] 隐藏窗口项添加成功
[Bridge] 退出项添加成功
[Bridge] 获取游标位置: PyQt5.QtCore.QPoint(236, 105)
[Bridge] 准备执行 menu.exec_
[Bridge] menu.exec_ 执行完毕
[Window] _set_webview_transparent 触发, native=<webview.platforms.qt.BrowserView object at 0x0000014C982AFAD0>
[Window] native_type_name=BrowserView
[Window] 非 Form 窗口，初始化 Qt 辅助器
[Bridge] init_qt_helper 被调用, self._qt_helper 存在=False
[Bridge] 成功向 Qt 主窗口注入 customEvent 处理器！
[Bridge] show_context_menu 触发, _window 存在=True
[Bridge] native 窗口类型: BrowserView
[Bridge] 匹配到 Qt 后端，_qt_helper 存在=True
[Bridge] 通过 QCoreApplication.postEvent 将回调发送到主线程
[Bridge] _show_qt_menu 开始在当前线程执行...
[Bridge] QMenu 实例化成功
[Bridge] 获取 click_through: False
[Bridge] 穿透 QAction 创建成功
[Bridge] 穿透 action 添加成功
[Bridge] 风格子菜单创建成功
[Bridge] 风格子菜单项添加成功
[Bridge] 布局子菜单创建成功
[Bridge] 布局子菜单项添加成功
[Bridge] 设置项添加成功
[Bridge] 隐藏窗口项添加成功
[Bridge] 退出项添加成功
[Bridge] 获取游标位置: PyQt5.QtCore.QPoint(1232, 697)
[Bridge] 准备执行 menu.exec_
[Bridge] menu.exec_ 执行完毕
[Window] _set_webview_transparent 触发, native=<webview.platforms.qt.BrowserView object at 0x00000275D520FB60>
[Window] native_type_name=BrowserView
[Window] 非 Form 窗口，初始化 Qt 辅助器
[Bridge] init_qt_helper 被调用, self._qt_helper 存在=False
[Bridge] 成功向 Qt 主窗口注入 customEvent 处理器！
[Bridge] show_context_menu 触发, _window 存在=True
[Bridge] native 窗口类型: BrowserView
[Bridge] 匹配到 Qt 后端，_qt_helper 存在=True
[Bridge] 通过 QCoreApplication.postEvent 将回调发送到主线程
[Bridge] _show_qt_menu 开始在当前线程执行...
[Bridge] QMenu 实例化成功
[Bridge] 获取 click_through: False
[Bridge] 穿透 QAction 创建成功
[Bridge] 穿透 action 添加成功
[Bridge] 风格子菜单创建成功
[Bridge] 风格子菜单项添加成功
[Bridge] 布局子菜单创建成功
[Bridge] 布局子菜单项添加成功
[Bridge] 设置项添加成功
[Bridge] 隐藏窗口项添加成功
[Bridge] 退出项添加成功
[Bridge] 获取游标位置: PyQt5.QtCore.QPoint(1259, 697)
[Bridge] 准备执行 menu.exec_
[Bridge] menu.exec_ 执行完毕
[Window] _set_webview_transparent 触发, native=<webview.platforms.qt.BrowserView object at 0x0000020F130EFAD0>
[Window] native_type_name=BrowserView
[Window] 非 Form 窗口，初始化 Qt 辅助器
[Bridge] init_qt_helper 被调用, self._qt_helper 存在=False
[Bridge] 成功向 Qt 主窗口注入 customEvent 处理器！
[Bridge] show_context_menu 触发, _window 存在=True
[Bridge] native 窗口类型: BrowserView
[Bridge] 匹配到 Qt 后端，_qt_helper 存在=True
[Bridge] 通过 QCoreApplication.postEvent 将回调发送到主线程
[Bridge] _show_qt_menu 开始在当前线程执行...
[Bridge] QMenu 实例化成功
[Bridge] 获取 click_through: False
[Bridge] 穿透 QAction 创建成功
[Bridge] 穿透 action 添加成功
[Bridge] 风格子菜单创建成功
[Bridge] 风格子菜单项添加成功
[Bridge] 布局子菜单创建成功
[Bridge] 布局子菜单项添加成功
[Bridge] 设置项添加成功
[Bridge] 隐藏窗口项添加成功
[Bridge] 退出项添加成功
[Bridge] 获取游标位置: PyQt5.QtCore.QPoint(1302, 696)
[Bridge] 准备执行 menu.exec_
[Bridge] menu.exec_ 执行完毕
[Bridge] show_context_menu 触发, _window 存在=True
[Bridge] native 窗口类型: BrowserView
[Bridge] 匹配到 Qt 后端，_qt_helper 存在=True
[Bridge] 通过 QCoreApplication.postEvent 将回调发送到主线程
[Bridge] _show_qt_menu 开始在当前线程执行...
[Bridge] QMenu 实例化成功
[Bridge] 获取 click_through: False
[Bridge] 穿透 QAction 创建成功
[Bridge] 穿透 action 添加成功
[Bridge] 风格子菜单创建成功
[Bridge] 风格子菜单项添加成功
[Bridge] 布局子菜单创建成功
[Bridge] 布局子菜单项添加成功
[Bridge] 设置项添加成功
[Bridge] 隐藏窗口项添加成功
[Bridge] 退出项添加成功
[Bridge] 获取游标位置: PyQt5.QtCore.QPoint(978, 630)
[Bridge] 准备执行 menu.exec_
[Bridge] menu.exec_ 执行完毕
[Bridge] show_context_menu 触发, _window 存在=True
[Bridge] native 窗口类型: BrowserView
[Bridge] 匹配到 Qt 后端，_qt_helper 存在=True
[Bridge] 通过 QCoreApplication.postEvent 将回调发送到主线程
[Bridge] _show_qt_menu 开始在当前线程执行...
[Bridge] QMenu 实例化成功
[Bridge] 获取 click_through: False
[Bridge] 穿透 QAction 创建成功
[Bridge] 穿透 action 添加成功
[Bridge] 风格子菜单创建成功
[Bridge] 风格子菜单项添加成功
[Bridge] 布局子菜单创建成功
[Bridge] 布局子菜单项添加成功
[Bridge] 设置项添加成功
[Bridge] 隐藏窗口项添加成功
[Bridge] 退出项添加成功
[Bridge] 获取游标位置: PyQt5.QtCore.QPoint(308, 81)
[Bridge] 准备执行 menu.exec_
[Bridge] menu.exec_ 执行完毕
[Bridge] show_context_menu 触发, _window 存在=True
[Bridge] native 窗口类型: BrowserView
[Bridge] 匹配到 Qt 后端，_qt_helper 存在=True
[Bridge] 通过 QCoreApplication.postEvent 将回调发送到主线程
[Bridge] _show_qt_menu 开始在当前线程执行...
[Bridge] QMenu 实例化成功
[Bridge] 获取 click_through: False
[Bridge] 穿透 QAction 创建成功
[Bridge] 穿透 action 添加成功
[Bridge] 风格子菜单创建成功
[Bridge] 风格子菜单项添加成功
[Bridge] 布局子菜单创建成功
[Bridge] 布局子菜单项添加成功
[Bridge] 设置项添加成功
[Bridge] 隐藏窗口项添加成功
[Bridge] 退出项添加成功
[Bridge] 获取游标位置: PyQt5.QtCore.QPoint(309, 82)
[Bridge] 准备执行 menu.exec_
[Bridge] menu.exec_ 执行完毕
[Bridge] show_context_menu 触发, _window 存在=True
[Bridge] native 窗口类型: BrowserView
[Bridge] 匹配到 Qt 后端，_qt_helper 存在=True
[Bridge] 通过 QCoreApplication.postEvent 将回调发送到主线程
[Bridge] _show_qt_menu 开始在当前线程执行...
[Bridge] QMenu 实例化成功
[Bridge] 获取 click_through: False
[Bridge] 穿透 QAction 创建成功
[Bridge] 穿透 action 添加成功
[Bridge] 风格子菜单创建成功
[Bridge] 风格子菜单项添加成功
[Bridge] 布局子菜单创建成功
[Bridge] 布局子菜单项添加成功
[Bridge] 设置项添加成功
[Bridge] 隐藏窗口项添加成功
[Bridge] 退出项添加成功
[Bridge] 获取游标位置: PyQt5.QtCore.QPoint(281, 113)
[Bridge] 准备执行 menu.exec_
[Bridge] menu.exec_ 执行完毕
[Bridge] show_context_menu 触发, _window 存在=True
[Bridge] native 窗口类型: BrowserView
[Bridge] 匹配到 Qt 后端，_qt_helper 存在=True
[Bridge] 通过 QCoreApplication.postEvent 将回调发送到主线程
[Bridge] _show_qt_menu 开始在当前线程执行...
[Bridge] QMenu 实例化成功
[Bridge] 获取 click_through: False
[Bridge] 穿透 QAction 创建成功
[Bridge] 穿透 action 添加成功
[Bridge] 风格子菜单创建成功
[Bridge] 风格子菜单项添加成功
[Bridge] 布局子菜单创建成功
[Bridge] 布局子菜单项添加成功
[Bridge] 设置项添加成功
[Bridge] 隐藏窗口项添加成功
[Bridge] 退出项添加成功
[Bridge] 获取游标位置: PyQt5.QtCore.QPoint(203, 127)
[Bridge] 准备执行 menu.exec_
[Bridge] menu.exec_ 执行完毕
[Bridge] show_context_menu 触发, _window 存在=True
[Bridge] native 窗口类型: BrowserView
[Bridge] 匹配到 Qt 后端，_qt_helper 存在=True
[Bridge] 通过 QCoreApplication.postEvent 将回调发送到主线程
[Bridge] _show_qt_menu 开始在当前线程执行...
[Bridge] QMenu 实例化成功
[Bridge] 获取 click_through: False
[Bridge] 穿透 QAction 创建成功
[Bridge] 穿透 action 添加成功
[Bridge] 风格子菜单创建成功
[Bridge] 风格子菜单项添加成功
[Bridge] 布局子菜单创建成功
[Bridge] 布局子菜单项添加成功
[Bridge] 设置项添加成功
[Bridge] 隐藏窗口项添加成功
[Bridge] 退出项添加成功
[Bridge] 获取游标位置: PyQt5.QtCore.QPoint(265, 82)
[Bridge] 准备执行 menu.exec_
[Bridge] menu.exec_ 执行完毕
[Bridge] show_context_menu 触发, _window 存在=True
[Bridge] native 窗口类型: BrowserView
[Bridge] 匹配到 Qt 后端，_qt_helper 存在=True
[Bridge] 通过 QCoreApplication.postEvent 将回调发送到主线程
[Bridge] _show_qt_menu 开始在当前线程执行...
[Bridge] QMenu 实例化成功
[Bridge] 获取 click_through: False
[Bridge] 穿透 QAction 创建成功
[Bridge] 穿透 action 添加成功
[Bridge] 风格子菜单创建成功
[Bridge] 风格子菜单项添加成功
[Bridge] 布局子菜单创建成功
[Bridge] 布局子菜单项添加成功
[Bridge] 设置项添加成功
[Bridge] 隐藏窗口项添加成功
[Bridge] 退出项添加成功
[Bridge] 获取游标位置: PyQt5.QtCore.QPoint(271, 90)
[Bridge] 准备执行 menu.exec_
[Bridge] menu.exec_ 执行完毕
[Window] _set_webview_transparent 触发, native=<webview.platforms.qt.BrowserView object at 0x0000027E9AD3FB60>
[Window] native_type_name=BrowserView
[Window] 非 Form 窗口，初始化 Qt 辅助器
[Bridge] init_qt_helper 被调用, self._qt_helper 存在=False
[Bridge] 成功向 Qt 主窗口注入 customEvent 处理器！
[Bridge] show_context_menu 触发, _window 存在=True
[Bridge] native 窗口类型: BrowserView
[Bridge] 匹配到 Qt 后端，_qt_helper 存在=True
[Bridge] 通过 QCoreApplication.postEvent 将回调发送到主线程
[Bridge] _show_qt_menu 开始在当前线程执行...
[Bridge] QMenu 实例化成功
[Bridge] 获取 click_through: False
[Bridge] 穿透 QAction 创建成功
[Bridge] 穿透 action 添加成功
[Bridge] 风格子菜单创建成功
[Bridge] 风格子菜单项添加成功
[Bridge] 布局子菜单创建成功
[Bridge] 布局子菜单项添加成功
[Bridge] 设置项添加成功
[Bridge] 隐藏窗口项添加成功
[Bridge] 退出项添加成功
[Bridge] 获取游标位置: PyQt5.QtCore.QPoint(1345, 707)
[Bridge] 准备执行 menu.exec_
[Bridge] menu.exec_ 执行完毕
[Bridge] show_context_menu 触发, _window 存在=True
[Bridge] native 窗口类型: BrowserView
[Bridge] 匹配到 Qt 后端，_qt_helper 存在=True
[Bridge] 通过 QCoreApplication.postEvent 将回调发送到主线程
[Bridge] _show_qt_menu 开始在当前线程执行...
[Bridge] QMenu 实例化成功
[Bridge] 获取 click_through: False
[Bridge] 穿透 QAction 创建成功
[Bridge] 穿透 action 添加成功
[Bridge] 风格子菜单创建成功
[Bridge] 风格子菜单项添加成功
[Bridge] 布局子菜单创建成功
[Bridge] 布局子菜单项添加成功
[Bridge] 设置项添加成功
[Bridge] 隐藏窗口项添加成功
[Bridge] 退出项添加成功
[Bridge] 获取游标位置: PyQt5.QtCore.QPoint(1255, 745)
[Bridge] 准备执行 menu.exec_
[Bridge] menu.exec_ 执行完毕
[Bridge] show_context_menu 触发, _window 存在=True
[Bridge] native 窗口类型: BrowserView
[Bridge] 匹配到 Qt 后端，_qt_helper 存在=True
[Bridge] 通过 QCoreApplication.postEvent 将回调发送到主线程
[Bridge] _show_qt_menu 开始在当前线程执行...
[Bridge] QMenu 实例化成功
[Bridge] 获取 click_through: False
[Bridge] 穿透 QAction 创建成功
[Bridge] 穿透 action 添加成功
[Bridge] 风格子菜单创建成功
[Bridge] 风格子菜单项添加成功
[Bridge] 布局子菜单创建成功
[Bridge] 布局子菜单项添加成功
[Bridge] 设置项添加成功
[Bridge] 隐藏窗口项添加成功
[Bridge] 退出项添加成功
[Bridge] 获取游标位置: PyQt5.QtCore.QPoint(1525, 775)
[Bridge] 准备执行 menu.exec_
[Bridge] menu.exec_ 执行完毕
[Window] _set_webview_transparent 触发, native=<webview.platforms.qt.BrowserView object at 0x0000023F697043B0>
[Window] native_type_name=BrowserView
[Window] 非 Form 窗口，初始化 Qt 辅助器
[Bridge] init_qt_helper 被调用, self._qt_helper 存在=False
[Bridge] 成功向 Qt 主窗口注入 customEvent 处理器！
[Bridge] show_context_menu 触发, _window 存在=True
[Bridge] native 窗口类型: BrowserView
[Bridge] 匹配到 Qt 后端，_qt_helper 存在=True
[Bridge] 通过 QCoreApplication.postEvent 将回调发送到主线程
[Bridge] _show_qt_menu 开始在当前线程执行...
[Bridge] QMenu 实例化成功
[Bridge] 获取 click_through: False
[Bridge] 穿透 QAction 创建成功
[Bridge] 穿透 action 添加成功
[Bridge] 风格子菜单创建成功
[Bridge] 风格子菜单项添加成功
[Bridge] 布局子菜单创建成功
[Bridge] 布局子菜单项添加成功
[Bridge] 设置项添加成功
[Bridge] 隐藏窗口项添加成功
[Bridge] 退出项添加成功
[Bridge] 获取游标位置: PyQt5.QtCore.QPoint(913, 529)
[Bridge] 准备执行 menu.exec_
[Bridge] menu.exec_ 执行完毕
[Window] _set_webview_transparent 触发, native=<webview.platforms.qt.BrowserView object at 0x000002265201FBF0>
[Window] native_type_name=BrowserView
[Window] 非 Form 窗口，初始化 Qt 辅助器
[Bridge] init_qt_helper 被调用, self._qt_helper 存在=False
[Bridge] 成功向 Qt 主窗口注入 customEvent 处理器！
[Bridge] show_context_menu 触发, _window 存在=True
[Bridge] native 窗口类型: BrowserView
[Bridge] 匹配到 Qt 后端，_qt_helper 存在=True
[Bridge] 通过 QCoreApplication.postEvent 将回调发送到主线程
[Bridge] _show_qt_menu 开始在当前线程执行...
[Bridge] QMenu 实例化成功
[Bridge] 获取 click_through: False
[Bridge] 穿透 QAction 创建成功
[Bridge] 穿透 action 添加成功
[Bridge] 风格子菜单创建成功
[Bridge] 风格子菜单项添加成功
[Bridge] 布局子菜单创建成功
[Bridge] 布局子菜单项添加成功
[Bridge] 设置项添加成功
[Bridge] 隐藏窗口项添加成功
[Bridge] 退出项添加成功
[Bridge] 获取游标位置: PyQt5.QtCore.QPoint(781, 552)
[Bridge] 准备执行 menu.exec_
[Bridge] menu.exec_ 执行完毕
[Bridge] show_context_menu 触发, _window 存在=True
[Bridge] native 窗口类型: BrowserView
[Bridge] 匹配到 Qt 后端，_qt_helper 存在=True
[Bridge] 通过 QCoreApplication.postEvent 将回调发送到主线程
[Bridge] _show_qt_menu 开始在当前线程执行...
[Bridge] QMenu 实例化成功
[Bridge] 获取 click_through: False
[Bridge] 穿透 QAction 创建成功
[Bridge] 穿透 action 添加成功
[Bridge] 风格子菜单创建成功
[Bridge] 风格子菜单项添加成功
[Bridge] 布局子菜单创建成功
[Bridge] 布局子菜单项添加成功
[Bridge] 设置项添加成功
[Bridge] 隐藏窗口项添加成功
[Bridge] 退出项添加成功
[Bridge] 获取游标位置: PyQt5.QtCore.QPoint(758, 587)
[Bridge] 准备执行 menu.exec_
[Bridge] menu.exec_ 执行完毕
[Window] _set_webview_transparent 触发, native=<webview.platforms.qt.BrowserView object at 0x000001EE5EABBD10>
[Window] native_type_name=BrowserView
[Window] 非 Form 窗口，初始化 Qt 辅助器
[Bridge] init_qt_helper 被调用, self._qt_helper 存在=False
[Bridge] 成功向 Qt 主窗口注入 customEvent 处理器！
[Window] _set_webview_transparent 触发, native=<webview.platforms.qt.BrowserView object at 0x0000023B6299BC80>
[Window] native_type_name=BrowserView
[Window] 非 Form 窗口，初始化 Qt 辅助器
[Bridge] init_qt_helper 被调用, self._qt_helper 存在=False
[Bridge] 成功向 Qt 主窗口注入 customEvent 处理器！
[Window] _set_webview_transparent 触发, native=<webview.platforms.qt.BrowserView object at 0x000001440D71BDA0>
[Window] native_type_name=BrowserView
[Window] 非 Form 窗口，初始化 Qt 辅助器
[Bridge] init_qt_helper 被调用, self._qt_helper 存在=False
[Bridge] 成功向 Qt 主窗口注入 customEvent 处理器！
[Bridge] show_context_menu 触发, _window 存在=True
[Bridge] native 窗口类型: BrowserView
[Bridge] 匹配到 Qt 后端，_qt_helper 存在=True
[Bridge] 通过 QCoreApplication.postEvent 将回调发送到主线程
[Bridge] _show_qt_menu 开始在当前线程执行...
[Bridge] QMenu 实例化成功
[Bridge] 获取 click_through: False
[Bridge] 穿透 QAction 创建成功
[Bridge] 穿透 action 添加成功
[Bridge] 风格子菜单创建成功
[Bridge] 风格子菜单项添加成功
[Bridge] 布局子菜单创建成功
[Bridge] 布局子菜单项添加成功
[Bridge] 设置项添加成功
[Bridge] 隐藏窗口项添加成功
[Bridge] 退出项添加成功
[Bridge] 获取游标位置: PyQt5.QtCore.QPoint(1785, 669)
[Bridge] 准备执行 menu.exec_
[Bridge] menu.exec_ 执行完毕
[Window] _set_webview_transparent 触发, native=<webview.platforms.qt.BrowserView object at 0x0000027DD2E5BDA0>
[Window] native_type_name=BrowserView
[Window] 非 Form 窗口，初始化 Qt 辅助器
[Bridge] init_qt_helper 被调用, self._qt_helper 存在=False
[Bridge] 成功向 Qt 主窗口注入 customEvent 处理器！
[Window] _set_webview_transparent 触发, native=<webview.platforms.qt.BrowserView object at 0x000001F1B34CBDA0>
[Window] native_type_name=BrowserView
[Window] 非 Form 窗口，初始化 Qt 辅助器
[Bridge] init_qt_helper 被调用, self._qt_helper 存在=False
[Bridge] 成功向 Qt 主窗口注入 customEvent 处理器！
[Window] _set_webview_transparent 触发, native=<webview.platforms.qt.BrowserView object at 0x000002B302259760>
[Window] native_type_name=BrowserView
[Window] 非 Form 窗口，初始化 Qt 辅助器
[Bridge] init_qt_helper 被调用, self._qt_helper 存在=False
[Bridge] 成功向 Qt 主窗口注入 customEvent 处理器！
[Bridge] show_context_menu 触发, _window 存在=True
[Bridge] native 窗口类型: BrowserView
[Bridge] 匹配到 Qt 后端，_qt_helper 存在=True
[Bridge] 通过 QCoreApplication.postEvent 将回调发送到主线程
[Bridge] _show_qt_menu 开始在当前线程执行...
[Bridge] QMenu 实例化成功
[Bridge] 获取 click_through: False
[Bridge] 穿透 QAction 创建成功
[Bridge] 穿透 action 添加成功
[Bridge] 风格子菜单创建成功
[Bridge] 风格子菜单项添加成功
[Bridge] 布局子菜单创建成功
[Bridge] 布局子菜单项添加成功
[Bridge] 设置项添加成功
[Bridge] 隐藏窗口项添加成功
[Bridge] 退出项添加成功
[Bridge] 获取游标位置: PyQt5.QtCore.QPoint(1402, 840)
[Bridge] 准备执行 menu.exec_
[Bridge] menu.exec_ 执行完毕
[Window] _set_webview_transparent 触发, native=<webview.platforms.qt.BrowserView object at 0x000001B2F05697F0>
[Window] native_type_name=BrowserView
[Window] 非 Form 窗口，初始化 Qt 辅助器
[Bridge] init_qt_helper 被调用, self._qt_helper 存在=False
[Bridge] 成功向 Qt 主窗口注入 customEvent 处理器！
[Bridge] show_context_menu 触发, _window 存在=True
[Bridge] native 窗口类型: BrowserView
[Bridge] 匹配到 Qt 后端，_qt_helper 存在=True
[Bridge] 通过 QCoreApplication.postEvent 将回调发送到主线程
[Bridge] _show_qt_menu 开始在当前线程执行...
[Bridge] QMenu 实例化成功
[Bridge] 获取 click_through: False
[Bridge] 穿透 QAction 创建成功
[Bridge] 穿透 action 添加成功
[Bridge] 风格子菜单创建成功
[Bridge] 风格子菜单项添加成功
[Bridge] 布局子菜单创建成功
[Bridge] 布局子菜单项添加成功
[Bridge] 设置项添加成功
[Bridge] 隐藏窗口项添加成功
[Bridge] 退出项添加成功
[Bridge] 获取游标位置: PyQt5.QtCore.QPoint(463, 102)
[Bridge] 准备执行 menu.exec_
[Bridge] menu.exec_ 执行完毕
[Window] _set_webview_transparent 触发, native=<webview.platforms.qt.BrowserView object at 0x00000214B5139880>
[Window] native_type_name=BrowserView
[Window] 非 Form 窗口，初始化 Qt 辅助器
[Bridge] init_qt_helper 被调用, self._qt_helper 存在=False
[Bridge] 成功向 Qt 主窗口注入 customEvent 处理器！
[Window] _set_webview_transparent 触发, native=<webview.platforms.qt.BrowserView object at 0x000001EB9EAA9880>
[Window] native_type_name=BrowserView
[Window] 非 Form 窗口，初始化 Qt 辅助器
[Bridge] init_qt_helper 被调用, self._qt_helper 存在=False
[Bridge] 成功向 Qt 主窗口注入 customEvent 处理器！
[Bridge] show_context_menu 触发, _window 存在=True
[Bridge] native 窗口类型: BrowserView
[Bridge] 匹配到 Qt 后端，_qt_helper 存在=True
[Bridge] 通过 QCoreApplication.postEvent 将回调发送到主线程
[Bridge] _show_qt_menu 开始在当前线程执行...
[Bridge] QMenu 实例化成功
[Bridge] 获取 click_through: False
[Bridge] 穿透 QAction 创建成功
[Bridge] 穿透 action 添加成功
[Bridge] 风格子菜单创建成功
[Bridge] 风格子菜单项添加成功
[Bridge] 布局子菜单创建成功
[Bridge] 布局子菜单项添加成功
[Bridge] 设置项添加成功
[Bridge] 隐藏窗口项添加成功
[Bridge] 退出项添加成功
[Bridge] 获取游标位置: PyQt5.QtCore.QPoint(464, 89)
[Bridge] 准备执行 menu.exec_
[Bridge] menu.exec_ 执行完毕
[Window] _set_webview_transparent 触发, native=<webview.platforms.qt.BrowserView object at 0x0000013B91469910>
[Window] native_type_name=BrowserView
[Window] 非 Form 窗口，初始化 Qt 辅助器
[Bridge] init_qt_helper 被调用, self._qt_helper 存在=False
[Bridge] 成功向 Qt 主窗口注入 customEvent 处理器！
[Window] _set_webview_transparent 触发, native=<webview.platforms.qt.BrowserView object at 0x000001965CAF9910>
[Window] native_type_name=BrowserView
[Window] 非 Form 窗口，初始化 Qt 辅助器
[Bridge] init_qt_helper 被调用, self._qt_helper 存在=False
[Bridge] 成功向 Qt 主窗口注入 customEvent 处理器！
[Bridge] show_context_menu 触发, _window 存在=True
[Bridge] native 窗口类型: BrowserView
[Bridge] 匹配到 Qt 后端，_qt_helper 存在=True
[Bridge] 通过 QCoreApplication.postEvent 将回调发送到主线程
[Bridge] _show_qt_menu 开始在当前线程执行...
[Bridge] QMenu 实例化成功
[Bridge] 获取 click_through: False
[Bridge] 穿透 QAction 创建成功
[Bridge] 穿透 action 添加成功
[Bridge] 风格子菜单创建成功
[Bridge] 风格子菜单项添加成功
[Bridge] 布局子菜单创建成功
[Bridge] 布局子菜单项添加成功
[Bridge] 设置项添加成功
[Bridge] 隐藏窗口项添加成功
[Bridge] 退出项添加成功
[Bridge] 获取游标位置: PyQt5.QtCore.QPoint(1365, 703)
[Bridge] 准备执行 menu.exec_
[Bridge] menu.exec_ 执行完毕
